Release 14.7 - xst P.20131013 (nt64)
Copyright (c) 1995-2013 Xilinx, Inc.  All rights reserved.
--> Parameter TMPDIR set to xst/projnav.tmp


Total REAL time to Xst completion: 1.00 secs
Total CPU time to Xst completion: 0.68 secs
 
--> Parameter xsthdpdir set to xst


Total REAL time to Xst completion: 1.00 secs
Total CPU time to Xst completion: 0.69 secs
 
--> Reading design: alu4bit.prj

TABLE OF CONTENTS
  1) Synthesis Options Summary
  2) HDL Parsing
  3) HDL Elaboration
  4) HDL Synthesis
       4.1) HDL Synthesis Report
  5) Advanced HDL Synthesis
       5.1) Advanced HDL Synthesis Report
  6) Low Level Synthesis
  7) Partition Report
  8) Design Summary
       8.1) Primitive and Black Box Usage
       8.2) Device utilization summary
       8.3) Partition Resource Summary
       8.4) Timing Report
            8.4.1) Clock Information
            8.4.2) Asynchronous Control Signals Information
            8.4.3) Timing Summary
            8.4.4) Timing Details
            8.4.5) Cross Clock Domains Report


=========================================================================
*                      Synthesis Options Summary                        *
=========================================================================
---- Source Parameters
Input File Name                    : "alu4bit.prj"
Ignore Synthesis Constraint File   : NO

---- Target Parameters
Output File Name                   : "alu4bit"
Output Format                      : NGC
Target Device                      : xc7a100t-3-csg324

---- Source Options
Top Module Name                    : alu4bit
Automatic FSM Extraction           : YES
FSM Encoding Algorithm             : Auto
Safe Implementation                : No
FSM Style                          : LUT
RAM Extraction                     : Yes
RAM Style                          : Auto
ROM Extraction                     : Yes
Shift Register Extraction          : YES
ROM Style                          : Auto
Resource Sharing                   : YES
Asynchronous To Synchronous        : NO
Shift Register Minimum Size        : 2
Use DSP Block                      : Auto
Automatic Register Balancing       : No

---- Target Options
LUT Combining                      : Auto
Reduce Control Sets                : Auto
Add IO Buffers                     : YES
Global Maximum Fanout              : 100000
Add Generic Clock Buffer(BUFG)     : 32
Register Duplication               : YES
Optimize Instantiated Primitives   : NO
Use Clock Enable                   : Auto
Use Synchronous Set                : Auto
Use Synchronous Reset              : Auto
Pack IO Registers into IOBs        : Auto
Equivalent register Removal        : YES

---- General Options
Optimization Goal                  : Speed
Optimization Effort                : 1
Power Reduction                    : NO
Keep Hierarchy                     : No
Netlist Hierarchy                  : As_Optimized
RTL Output                         : Yes
Global Optimization                : AllClockNets
Read Cores                         : YES
Write Timing Constraints           : NO
Cross Clock Analysis               : NO
Hierarchy Separator                : /
Bus Delimiter                      : <>
Case Specifier                     : Maintain
Slice Utilization Ratio            : 100
BRAM Utilization Ratio             : 100
DSP48 Utilization Ratio            : 100
Auto BRAM Packing                  : NO
Slice Utilization Ratio Delta      : 5

=========================================================================


=========================================================================
*                          HDL Parsing                                  *
=========================================================================
Parsing VHDL file "C:\Users\MirAdnan\Documents\DSD\VHDL\ALU4bit\multiplier4bit.vhd" into library work
Parsing entity <multiplier4bit>.
Parsing architecture <structural> of entity <multiplier4bit>.
Parsing VHDL file "C:\Users\MirAdnan\Documents\DSD\VHDL\ALU4bit\addsubtract.vhd" into library work
Parsing entity <addsubtract>.
Parsing architecture <behavioral> of entity <addsubtract>.
Parsing VHDL file "C:\Users\MirAdnan\Documents\DSD\VHDL\ALU4bit\alu4bit.vhd" into library work
Parsing entity <alu4bit>.
Parsing architecture <behv> of entity <alu4bit>.

=========================================================================
*                            HDL Elaboration                            *
=========================================================================

Elaborating entity <alu4bit> (architecture <behv>) from library <work>.

Elaborating entity <addsubtract> (architecture <behavioral>) from library <work>.

Elaborating entity <multiplier4bit> (architecture <structural>) from library <work>.

=========================================================================
*                           HDL Synthesis                               *
=========================================================================

Synthesizing Unit <alu4bit>.
    Related source file is "C:\Users\MirAdnan\Documents\DSD\VHDL\ALU4bit\alu4bit.vhd".
    Found 1-bit 3-to-1 multiplexer for signal <Z_4_o_GND_4_o_MUX_233_o> created at line 62.
    Found 1-bit 3-to-1 multiplexer for signal <Z_4_o_GND_4_o_MUX_237_o> created at line 62.
    Found 1-bit 3-to-1 multiplexer for signal <Z_4_o_GND_4_o_MUX_241_o> created at line 62.
    Found 1-bit 4-to-1 multiplexer for signal <Z_4_o_cout1_MUX_245_o> created at line 62.
    Found 1-bit 4-to-1 multiplexer for signal <Z_4_o_addout[3]_MUX_249_o> created at line 62.
    Found 1-bit 4-to-1 multiplexer for signal <Z_4_o_addout[2]_MUX_253_o> created at line 62.
    Found 1-bit 4-to-1 multiplexer for signal <Z_4_o_addout[1]_MUX_257_o> created at line 62.
    Found 1-bit 4-to-1 multiplexer for signal <Z_4_o_addout[0]_MUX_261_o> created at line 62.
    Found 1-bit tristate buffer for signal <F<7>> created at line 60
    Found 1-bit tristate buffer for signal <F<6>> created at line 60
    Found 1-bit tristate buffer for signal <F<5>> created at line 60
    Found 1-bit tristate buffer for signal <F<4>> created at line 60
    Found 1-bit tristate buffer for signal <F<3>> created at line 60
    Found 1-bit tristate buffer for signal <F<2>> created at line 60
    Found 1-bit tristate buffer for signal <F<1>> created at line 60
    Found 1-bit tristate buffer for signal <F<0>> created at line 60
    Summary:
	inferred   8 Multiplexer(s).
	inferred   8 Tristate(s).
Unit <alu4bit> synthesized.

Synthesizing Unit <addsubtract>.
    Related source file is "C:\Users\MirAdnan\Documents\DSD\VHDL\ALU4bit\addsubtract.vhd".
    Found 5-bit adder for signal <GND_7_o_GND_7_o_add_0_OUT> created at line 18.
    Found 5-bit subtractor for signal <GND_7_o_GND_7_o_sub_2_OUT<4:0>> created at line 20.
    Summary:
	inferred   1 Adder/Subtractor(s).
Unit <addsubtract> synthesized.

Synthesizing Unit <multiplier4bit>.
    Related source file is "C:\Users\MirAdnan\Documents\DSD\VHDL\ALU4bit\multiplier4bit.vhd".
    Found 4x4-bit multiplier for signal <F> created at line 52.
    Summary:
	inferred   1 Multiplier(s).
Unit <multiplier4bit> synthesized.

Synthesizing Unit <div_8u_8u>.
    Related source file is "".
    Found 16-bit adder for signal <n0292> created at line 0.
    Found 16-bit adder for signal <GND_11_o_b[7]_add_1_OUT> created at line 0.
    Found 15-bit adder for signal <n0296> created at line 0.
    Found 15-bit adder for signal <GND_11_o_b[7]_add_3_OUT> created at line 0.
    Found 14-bit adder for signal <n0300> created at line 0.
    Found 14-bit adder for signal <GND_11_o_b[7]_add_5_OUT> created at line 0.
    Found 13-bit adder for signal <n0304> created at line 0.
    Found 13-bit adder for signal <GND_11_o_b[7]_add_7_OUT> created at line 0.
    Found 12-bit adder for signal <n0308> created at line 0.
    Found 12-bit adder for signal <GND_11_o_b[7]_add_9_OUT> created at line 0.
    Found 11-bit adder for signal <n0312> created at line 0.
    Found 11-bit adder for signal <GND_11_o_b[7]_add_11_OUT> created at line 0.
    Found 10-bit adder for signal <n0316> created at line 0.
    Found 10-bit adder for signal <GND_11_o_b[7]_add_13_OUT> created at line 0.
    Found 9-bit adder for signal <n0320> created at line 0.
    Found 9-bit adder for signal <GND_11_o_b[7]_add_15_OUT> created at line 0.
    Found 16-bit comparator lessequal for signal <BUS_0001> created at line 0
    Found 15-bit comparator lessequal for signal <BUS_0002> created at line 0
    Found 14-bit comparator lessequal for signal <BUS_0003> created at line 0
    Found 13-bit comparator lessequal for signal <BUS_0004> created at line 0
    Found 12-bit comparator lessequal for signal <BUS_0005> created at line 0
    Found 11-bit comparator lessequal for signal <BUS_0006> created at line 0
    Found 10-bit comparator lessequal for signal <BUS_0007> created at line 0
    Found 9-bit comparator lessequal for signal <BUS_0008> created at line 0
    Found 8-bit comparator lessequal for signal <BUS_0009> created at line 0
    Summary:
	inferred  16 Adder/Subtractor(s).
	inferred   9 Comparator(s).
	inferred  57 Multiplexer(s).
Unit <div_8u_8u> synthesized.

=========================================================================
HDL Synthesis Report

Macro Statistics
# Multipliers                                          : 1
 4x4-bit multiplier                                    : 1
# Adders/Subtractors                                   : 18
 10-bit adder                                          : 2
 11-bit adder                                          : 2
 12-bit adder                                          : 2
 13-bit adder                                          : 2
 14-bit adder                                          : 2
 15-bit adder                                          : 2
 16-bit adder                                          : 2
 5-bit addsub                                          : 2
 9-bit adder                                           : 2
# Comparators                                          : 9
 10-bit comparator lessequal                           : 1
 11-bit comparator lessequal                           : 1
 12-bit comparator lessequal                           : 1
 13-bit comparator lessequal                           : 1
 14-bit comparator lessequal                           : 1
 15-bit comparator lessequal                           : 1
 16-bit comparator lessequal                           : 1
 8-bit comparator lessequal                            : 1
 9-bit comparator lessequal                            : 1
# Multiplexers                                         : 65
 1-bit 2-to-1 multiplexer                              : 56
 1-bit 3-to-1 multiplexer                              : 3
 1-bit 4-to-1 multiplexer                              : 5
 8-bit 2-to-1 multiplexer                              : 1
# Tristates                                            : 8
 1-bit tristate buffer                                 : 8

=========================================================================

=========================================================================
*                       Advanced HDL Synthesis                          *
=========================================================================


=========================================================================
Advanced HDL Synthesis Report

Macro Statistics
# Multipliers                                          : 1
 4x4-bit multiplier                                    : 1
# Adders/Subtractors                                   : 10
 5-bit addsub                                          : 2
 8-bit adder carry in                                  : 8
# Comparators                                          : 9
 10-bit comparator lessequal                           : 1
 11-bit comparator lessequal                           : 1
 12-bit comparator lessequal                           : 1
 13-bit comparator lessequal                           : 1
 14-bit comparator lessequal                           : 1
 15-bit comparator lessequal                           : 1
 16-bit comparator lessequal                           : 1
 8-bit comparator lessequal                            : 1
 9-bit comparator lessequal                            : 1
# Multiplexers                                         : 65
 1-bit 2-to-1 multiplexer                              : 56
 1-bit 3-to-1 multiplexer                              : 3
 1-bit 4-to-1 multiplexer                              : 5
 8-bit 2-to-1 multiplexer                              : 1

=========================================================================

=========================================================================
*                         Low Level Synthesis                           *
=========================================================================

Optimizing unit <alu4bit> ...

Mapping all equations...
Building and optimizing final netlist ...
Found area constraint ratio of 100 (+ 5) on block alu4bit, actual ratio is 0.

Final Macro Processing ...

=========================================================================
Final Register Report

Found no macro
=========================================================================

=========================================================================
*                           Partition Report                            *
=========================================================================

Partition Implementation Status
-------------------------------

  No Partitions were found in this design.

-------------------------------

=========================================================================
*                            Design Summary                             *
=========================================================================

Top Level Output File Name         : alu4bit.ngc

Primitive and Black Box Usage:
------------------------------
# BELS                             : 76
#      GND                         : 1
#      LUT2                        : 8
#      LUT3                        : 3
#      LUT4                        : 5
#      LUT5                        : 13
#      LUT6                        : 32
#      MUXCY                       : 6
#      MUXF7                       : 1
#      XORCY                       : 7
# IO Buffers                       : 18
#      IBUF                        : 10
#      OBUF                        : 8

Device utilization summary:
---------------------------

Selected Device : 7a100tcsg324-3 


Slice Logic Utilization: 
 Number of Slice LUTs:                   61  out of  63400     0%  
    Number used as Logic:                61  out of  63400     0%  

Slice Logic Distribution: 
 Number of LUT Flip Flop pairs used:     61
   Number with an unused Flip Flop:      61  out of     61   100%  
   Number with an unused LUT:             0  out of     61     0%  
   Number of fully used LUT-FF pairs:     0  out of     61     0%  
   Number of unique control sets:         0

IO Utilization: 
 Number of IOs:                          22
 Number of bonded IOBs:                  18  out of    210     8%  

Specific Feature Utilization:

---------------------------
Partition Resource Summary:
---------------------------

  No Partitions were found in this design.

---------------------------


=========================================================================
Timing Report

NOTE: THESE TIMING NUMBERS ARE ONLY A SYNTHESIS ESTIMATE.
      FOR ACCURATE TIMING INFORMATION PLEASE REFER TO THE TRACE REPORT
      GENERATED AFTER PLACE-and-ROUTE.

Clock Information:
------------------
No clock signals found in this design

Asynchronous Control Signals Information:
----------------------------------------
No asynchronous control signals found in this design

Timing Summary:
---------------
Speed Grade: -3

   Minimum period: No path found
   Minimum input arrival time before clock: No path found
   Maximum output required time after clock: No path found
   Maximum combinational path delay: 3.128ns

Timing Details:
---------------
All values displayed in nanoseconds (ns)

=========================================================================
Timing constraint: Default path analysis
  Total number of paths / destination ports: 503 / 8
-------------------------------------------------------------------------
Delay:               3.128ns (Levels of Logic = 9)
  Source:            B<2> (PAD)
  Destination:       F<7> (PAD)

  Data Path: B<2> to F<7>
                                Gate     Net
    Cell:in->out      fanout   Delay   Delay  Logical Name (Net Name)
    ----------------------------------------  ------------
     IBUF:I->O            27   0.001   0.799  B_2_IBUF (B_2_IBUF)
     LUT6:I0->O            1   0.097   0.693  MUL/Mmult_F_Madd_411 (MUL/Mmult_F_Madd_41)
     LUT6:I0->O            1   0.097   0.000  MUL/Mmult_F_Madd2_lut<4> (MUL/Mmult_F_Madd2_lut<4>)
     MUXCY:S->O            1   0.353   0.000  MUL/Mmult_F_Madd2_cy<4> (MUL/Mmult_F_Madd2_cy<4>)
     MUXCY:CI->O           1   0.023   0.000  MUL/Mmult_F_Madd2_cy<5> (MUL/Mmult_F_Madd2_cy<5>)
     MUXCY:CI->O           0   0.023   0.000  MUL/Mmult_F_Madd2_cy<6> (MUL/Mmult_F_Madd2_cy<6>)
     XORCY:CI->O           1   0.370   0.295  MUL/Mmult_F_Madd2_xor<7> (mulout<7>)
     LUT6:I5->O            1   0.097   0.279  Mmux_Z_4_o_GND_4_o_MUX_233_o1 (F_7_OBUF)
     OBUF:I->O                 0.000          F_7_OBUF (F<7>)
    ----------------------------------------
    Total                      3.128ns (1.061ns logic, 2.067ns route)
                                       (33.9% logic, 66.1% route)

=========================================================================

Cross Clock Domains Report:
--------------------------

=========================================================================


Total REAL time to Xst completion: 35.00 secs
Total CPU time to Xst completion: 34.98 secs
 
--> 

Total memory usage is 4669012 kilobytes

Number of errors   :    0 (   0 filtered)
Number of warnings :    0 (   0 filtered)
Number of infos    :    0 (   0 filtered)

